21:02:28 **** Incremental Build of configuration Debug for project Ex_9 ****
make -j8 all 
arm-none-eabi-gcc "../Core/Src/main.c" -mcpu=cortex-m3 -std=gnu11 -g3 -DDEBUG -DUSE_HAL_DRIVER -DSTM32F103x6 -c -I../Core/Inc -I../Drivers/STM32F1xx_HAL_Driver/Inc -I../Drivers/STM32F1xx_HAL_Driver/Inc/Legacy -I../Drivers/CMSIS/Device/ST/STM32F1xx/Include -I../Drivers/CMSIS/Include -O0 -ffunction-sections -fdata-sections -Wall -fstack-usage -MMD -MP -MF"Core/Src/main.d" -MT"Core/Src/main.o" --specs=nano.specs -mfloat-abi=soft -mthumb -o "Core/Src/main.o"
arm-none-eabi-gcc -o "Ex_9.elf" @"objects.list"   -mcpu=cortex-m3 -T"C:\Users\PC\OneDrive\Desktop\Nguyen\HK05\Microprocessors-Microcontrollers\Labs\Lab_2\STM32Cube\Ex_9\STM32F103C6UX_FLASH.ld" --specs=nosys.specs -Wl,-Map="Ex_9.map" -Wl,--gc-sections -static --specs=nano.specs -mfloat-abi=soft -mthumb -Wl,--start-group -lc -lm -Wl,--end-group
Finished building target: Ex_9.elf
 
arm-none-eabi-size   Ex_9.elf 
arm-none-eabi-objdump -h -S  Ex_9.elf  > "Ex_9.list"
arm-none-eabi-objcopy  -O ihex  Ex_9.elf  "Ex_9.hex"
   text	   data	    bss	    dec	    hex	filename
   7668	    136	   1656	   9460	   24f4	Ex_9.elf
arm-none-eabi-objcopy  -O binary  Ex_9.elf  "Ex_9.bin"
Finished building: default.size.stdout
 
Finished building: Ex_9.hex
Finished building: Ex_9.bin
 
 
Finished building: Ex_9.list
 

21:02:29 Build Finished. 0 errors, 0 warnings. (took 680ms)

