19:15:41 **** Incremental Build of configuration Debug for project Lab5 ****
make -j8 all 
arm-none-eabi-gcc "../Core/Src/command_parser.c" -mcpu=cortex-m3 -std=gnu11 -g3 -DDEBUG -DUSE_HAL_DRIVER -DSTM32F103x6 -c -I../Core/Inc -I../Drivers/STM32F1xx_HAL_Driver/Inc -I../Drivers/STM32F1xx_HAL_Driver/Inc/Legacy -I../Drivers/CMSIS/Device/ST/STM32F1xx/Include -I../Drivers/CMSIS/Include -O0 -ffunction-sections -fdata-sections -Wall -fstack-usage -MMD -MP -MF"Core/Src/command_parser.d" -MT"Core/Src/command_parser.o" --specs=nano.specs -mfloat-abi=soft -mthumb -o "Core/Src/command_parser.o"
arm-none-eabi-gcc "../Core/Src/main.c" -mcpu=cortex-m3 -std=gnu11 -g3 -DDEBUG -DUSE_HAL_DRIVER -DSTM32F103x6 -c -I../Core/Inc -I../Drivers/STM32F1xx_HAL_Driver/Inc -I../Drivers/STM32F1xx_HAL_Driver/Inc/Legacy -I../Drivers/CMSIS/Device/ST/STM32F1xx/Include -I../Drivers/CMSIS/Include -O0 -ffunction-sections -fdata-sections -Wall -fstack-usage -MMD -MP -MF"Core/Src/main.d" -MT"Core/Src/main.o" --specs=nano.specs -mfloat-abi=soft -mthumb -o "Core/Src/main.o"
arm-none-eabi-gcc "../Core/Src/uart_communication.c" -mcpu=cortex-m3 -std=gnu11 -g3 -DDEBUG -DUSE_HAL_DRIVER -DSTM32F103x6 -c -I../Core/Inc -I../Drivers/STM32F1xx_HAL_Driver/Inc -I../Drivers/STM32F1xx_HAL_Driver/Inc/Legacy -I../Drivers/CMSIS/Device/ST/STM32F1xx/Include -I../Drivers/CMSIS/Include -O0 -ffunction-sections -fdata-sections -Wall -fstack-usage -MMD -MP -MF"Core/Src/uart_communication.d" -MT"Core/Src/uart_communication.o" --specs=nano.specs -mfloat-abi=soft -mthumb -o "Core/Src/uart_communication.o"
../Core/Src/main.c: In function 'uart_communication_fsm':
../Core/Src/main.c:355:44: warning: implicit declaration of function 'sprintf' [-Wimplicit-function-declaration]
  355 |    HAL_UART_Transmit(&huart2, (void *)str, sprintf(str, "!ADC=%d#\r\n", ADC_value), 1000);
      |                                            ^~~~~~~
../Core/Src/main.c:355:44: warning: incompatible implicit declaration of built-in function 'sprintf'
../Core/Src/main.c:28:1: note: include '<stdio.h>' or provide a declaration of 'sprintf'
   27 | #include "uart_communication.h"
  +++ |+#include <stdio.h>
   28 | /* USER CODE END Includes */
../Core/Src/main.c:355:64: warning: format '%d' expects argument of type 'int', but argument 3 has type 'uint32_t' {aka 'long unsigned int'} [-Wformat=]
  355 |    HAL_UART_Transmit(&huart2, (void *)str, sprintf(str, "!ADC=%d#\r\n", ADC_value), 1000);
      |                                                               ~^        ~~~~~~~~~
      |                                                                |        |
      |                                                                int      uint32_t {aka long unsigned int}
      |                                                               %ld
arm-none-eabi-gcc -o "Lab5.elf" @"objects.list"   -mcpu=cortex-m3 -T"C:\Users\PC\OneDrive\Desktop\Nguyen\HK05\Microprocessors-Microcontrollers\Labs\Lab_5\STM32Cube\Lab5\STM32F103C6UX_FLASH.ld" --specs=nosys.specs -Wl,-Map="Lab5.map" -Wl,--gc-sections -static --specs=nano.specs -mfloat-abi=soft -mthumb -Wl,--start-group -lc -lm -Wl,--end-group
Finished building target: Lab5.elf
 
arm-none-eabi-size   Lab5.elf 
arm-none-eabi-objdump -h -S  Lab5.elf  > "Lab5.list"
arm-none-eabi-objcopy  -O ihex  Lab5.elf  "Lab5.hex"
arm-none-eabi-objcopy  -O binary  Lab5.elf  "Lab5.bin"
   text	   data	    bss	    dec	    hex	filename
  16428	    120	   1912	  18460	   481c	Lab5.elf
Finished building: default.size.stdout
 
Finished building: Lab5.hex
Finished building: Lab5.bin
 
 
Finished building: Lab5.list
 

19:15:46 Build Finished. 0 errors, 3 warnings. (took 4s.615ms)

