21:46:17 **** Incremental Build of configuration Debug for project Ex_6 ****
make -j8 all 
arm-none-eabi-gcc "../Core/Src/main.c" -mcpu=cortex-m3 -std=gnu11 -g3 -DDEBUG -DUSE_HAL_DRIVER -DSTM32F103x6 -c -I../Core/Inc -I../Drivers/STM32F1xx_HAL_Driver/Inc -I../Drivers/STM32F1xx_HAL_Driver/Inc/Legacy -I../Drivers/CMSIS/Device/ST/STM32F1xx/Include -I../Drivers/CMSIS/Include -O0 -ffunction-sections -fdata-sections -Wall -fstack-usage -MMD -MP -MF"Core/Src/main.d" -MT"Core/Src/main.o" --specs=nano.specs -mfloat-abi=soft -mthumb -o "Core/Src/main.o"
arm-none-eabi-gcc -o "Ex_6.elf" @"objects.list"   -mcpu=cortex-m3 -T"C:\Users\PC\OneDrive\Desktop\Nguyen\HK05\Microprocessors-Microcontrollers\Labs\Lab_1\STM32Cube\Ex_6\STM32F103C6UX_FLASH.ld" --specs=nosys.specs -Wl,-Map="Ex_6.map" -Wl,--gc-sections -static --specs=nano.specs -mfloat-abi=soft -mthumb -Wl,--start-group -lc -lm -Wl,--end-group
Finished building target: Ex_6.elf
 
arm-none-eabi-size   Ex_6.elf 
arm-none-eabi-objdump -h -S  Ex_6.elf  > "Ex_6.list"
arm-none-eabi-objcopy  -O ihex  Ex_6.elf  "Ex_6.hex"
   text	   data	    bss	    dec	    hex	filename
   5400	     20	   1572	   6992	   1b50	Ex_6.elf
arm-none-eabi-objcopy  -O binary  Ex_6.elf  "Ex_6.bin"
Finished building: default.size.stdout
 
Finished building: Ex_6.hex
Finished building: Ex_6.list
Finished building: Ex_6.bin
 
 
 

21:46:18 Build Finished. 0 errors, 0 warnings. (took 612ms)

